[2026-04-30 08:54:50] local.ERROR: SQLSTATE[23000]: Integrity constraint violation: 19 UNIQUE constraint failed: products.sku (Connection: sqlite, Database: C:\Users\MSI\Downloads\inventari-toko-cokomi-wowo-pastel\inventari-toko\database\database.sqlite, SQL: insert into "products" ("name", "sku", "category", "stock", "price", "description", "is_active", "updated_at", "created_at") values (Paket Belanja Mas Wowo, WOWO-1001, Bundle, 12, 125000, Paket belanja favorit mas Wowo dengan nuansa toko yang ceria., 1, 2026-04-30 08:54:50, 2026-04-30 08:54:50)) {"exception":"[object] (Illuminate\\Database\\UniqueConstraintViolationException(code: 23000): SQLSTATE[23000]: Integrity constraint violation: 19 UNIQUE constraint failed: products.sku (Connection: sqlite, Database: C:\\Users\\MSI\\Downloads\\inventari-toko-cokomi-wowo-pastel\\inventari-toko\\database\\database.sqlite, SQL: insert into \"products\" (\"name\", \"sku\", \"category\", \"stock\", \"price\", \"description\", \"is_active\", \"updated_at\", \"created_at\") values (Paket Belanja Mas Wowo, WOWO-1001, Bundle, 12, 125000, Paket belanja favorit mas Wowo dengan nuansa toko yang ceria., 1, 2026-04-30 08:54:50, 2026-04-30 08:54:50)) at C:/Users/MSI/Downloads/inventari-toko-cokomi-wowo-pastel/inventari-toko/vendor/laravel/framework/src/Illuminate/Database/Connection.php:841)
[stacktrace]
#0 C:/Users/MSI/Downloads/inventari-toko-cokomi-wowo-pastel/inventari-toko/vendor/laravel/framework/src/Illuminate/Database/Connection.php(797): Illuminate/Database/Connection->runQueryCallback('insert into \"pr...', Array, Object(Closure))
#1 C:/Users/MSI/Downloads/inventari-toko-cokomi-wowo-pastel/inventari-toko/vendor/laravel/framework/src/Illuminate/Database/Connection.php(576): Illuminate/Database/Connection->run('insert into \"pr...', Array, Object(Closure))
#2 C:/Users/MSI/Downloads/inventari-toko-cokomi-wowo-pastel/inventari-toko/vendor/laravel/framework/src/Illuminate/Database/Connection.php(540): Illuminate/Database/Connection->statement('insert into \"pr...', Array)
#3 C:/Users/MSI/Downloads/inventari-toko-cokomi-wowo-pastel/inventari-toko/vendor/laravel/framework/src/Illuminate/Database/Query/Processors/Processor.php(32): Illuminate/Database/Connection->insert('insert into \"pr...', Array)
#4 C:/Users/MSI/Downloads/inventari-toko-cokomi-wowo-pastel/inventari-toko/vendor/laravel/framework/src/Illuminate/Database/Query/Builder.php(4246): Illuminate/Database/Query/Processors/Processor->processInsertGetId(Object(Illuminate/Database/Query/Builder), 'insert into \"pr...', Array, 'id')
#5 C:/Users/MSI/Downloads/inventari-toko-cokomi-wowo-pastel/inventari-toko/vendor/laravel/framework/src/Illuminate/Database/Eloquent/Builder.php(2270): Illuminate/Database/Query/Builder->insertGetId(Array, 'id')
#6 C:/Users/MSI/Downloads/inventari-toko-cokomi-wowo-pastel/inventari-toko/vendor/laravel/framework/src/Illuminate/Database/Eloquent/Model.php(1660): Illuminate/Database/Eloquent/Builder->__call('insertGetId', Array)
#7 C:/Users/MSI/Downloads/inventari-toko-cokomi-wowo-pastel/inventari-toko/vendor/laravel/framework/src/Illuminate/Database/Eloquent/Model.php(1576): Illuminate/Database/Eloquent/Model->insertAndSetId(Object(Illuminate/Database/Eloquent/Builder), Array)
#8 C:/Users/MSI/Downloads/inventari-toko-cokomi-wowo-pastel/inventari-toko/vendor/laravel/framework/src/Illuminate/Database/Eloquent/Model.php(1380): Illuminate/Database/Eloquent/Model->performInsert(Object(Illuminate/Database/Eloquent/Builder))
#9 C:/Users/MSI/Downloads/inventari-toko-cokomi-wowo-pastel/inventari-toko/vendor/laravel/framework/src/Illuminate/Database/Eloquent/Builder.php(1224): Illuminate/Database/Eloquent/Model->save()
#10 C:/Users/MSI/Downloads/inventari-toko-cokomi-wowo-pastel/inventari-toko/vendor/laravel/framework/src/Illuminate/Support/helpers.php(393): Illuminate/Database/Eloquent/Builder->{closure:Illuminate/Database/Eloquent/Builder::create():1223}(Object(App/Models/Product))
#11 C:/Users/MSI/Downloads/inventari-toko-cokomi-wowo-pastel/inventari-toko/vendor/laravel/framework/src/Illuminate/Database/Eloquent/Builder.php(1223): tap(Object(App/Models/Product), Object(Closure))
#12 C:/Users/MSI/Downloads/inventari-toko-cokomi-wowo-pastel/inventari-toko/vendor/laravel/framework/src/Illuminate/Support/Traits/ForwardsCalls.php(23): Illuminate/Database/Eloquent/Builder->create(Array)
#13 C:/Users/MSI/Downloads/inventari-toko-cokomi-wowo-pastel/inventari-toko/vendor/laravel/framework/src/Illuminate/Database/Eloquent/Model.php(2803): Illuminate/Database/Eloquent/Model->forwardCallTo(Object(Illuminate/Database/Eloquent/Builder), 'create', Array)
#14 C:/Users/MSI/Downloads/inventari-toko-cokomi-wowo-pastel/inventari-toko/vendor/laravel/framework/src/Illuminate/Database/Eloquent/Model.php(2819): Illuminate/Database/Eloquent/Model->__call('create', Array)
#15 C:/Users/MSI/Downloads/inventari-toko-cokomi-wowo-pastel/inventari-toko/database/seeders/ProductSeeder.php(14): Illuminate/Database/Eloquent/Model::__callStatic('create', Array)
#16 C:/Users/MSI/Downloads/inventari-toko-cokomi-wowo-pastel/inventari-toko/vendor/laravel/framework/src/Illuminate/Container/BoundMethod.php(36): Database/Seeders/ProductSeeder->run()
#17 C:/Users/MSI/Downloads/inventari-toko-cokomi-wowo-pastel/inventari-toko/vendor/laravel/framework/src/Illuminate/Container/Util.php(43): Illuminate/Container/BoundMethod::{closure:Illuminate/Container/BoundMethod::call():35}()
#18 C:/Users/MSI/Downloads/inventari-toko-cokomi-wowo-pastel/inventari-toko/vendor/laravel/framework/src/Illuminate/Container/BoundMethod.php(96): Illuminate/Container/Util::unwrapIfClosure(Object(Closure))
#19 C:/Users/MSI/Downloads/inventari-toko-cokomi-wowo-pastel/inventari-toko/vendor/laravel/framework/src/Illuminate/Container/BoundMethod.php(35): Illuminate/Container/BoundMethod::callBoundMethod(Object(Illuminate/Foundation/Application), Array, Object(Closure))
#20 C:/Users/MSI/Downloads/inventari-toko-cokomi-wowo-pastel/inventari-toko/vendor/laravel/framework/src/Illuminate/Container/Container.php(799): Illuminate/Container/BoundMethod::call(Object(Illuminate/Foundation/Application), Array, Array, NULL)
#21 C:/Users/MSI/Downloads/inventari-toko-cokomi-wowo-pastel/inventari-toko/vendor/laravel/framework/src/Illuminate/Database/Seeder.php(184): Illuminate/Container/Container->call(Array, Array)
#22 C:/Users/MSI/Downloads/inventari-toko-cokomi-wowo-pastel/inventari-toko/vendor/laravel/framework/src/Illuminate/Database/Seeder.php(191): Illuminate/Database/Seeder->{closure:Illuminate/Database/Seeder::__invoke():183}()
#23 C:/Users/MSI/Downloads/inventari-toko-cokomi-wowo-pastel/inventari-toko/vendor/laravel/framework/src/Illuminate/Database/Seeder.php(59): Illuminate/Database/Seeder->__invoke(Array)
#24 C:/Users/MSI/Downloads/inventari-toko-cokomi-wowo-pastel/inventari-toko/database/seeders/DatabaseSeeder.php(23): Illuminate/Database/Seeder->call('Database//Seeder...')
#25 C:/Users/MSI/Downloads/inventari-toko-cokomi-wowo-pastel/inventari-toko/vendor/laravel/framework/src/Illuminate/Container/BoundMethod.php(36): Database/Seeders/DatabaseSeeder->run()
#26 C:/Users/MSI/Downloads/inventari-toko-cokomi-wowo-pastel/inventari-toko/vendor/laravel/framework/src/Illuminate/Container/Util.php(43): Illuminate/Container/BoundMethod::{closure:Illuminate/Container/BoundMethod::call():35}()
#27 C:/Users/MSI/Downloads/inventari-toko-cokomi-wowo-pastel/inventari-toko/vendor/laravel/framework/src/Illuminate/Container/BoundMethod.php(96): Illuminate/Container/Util::unwrapIfClosure(Object(Closure))
#28 C:/Users/MSI/Downloads/inventari-toko-cokomi-wowo-pastel/inventari-toko/vendor/laravel/framework/src/Illuminate/Container/BoundMethod.php(35): Illuminate/Container/BoundMethod::callBoundMethod(Object(Illuminate/Foundation/Application), Array, Object(Closure))
#29 C:/Users/MSI/Downloads/inventari-toko-cokomi-wowo-pastel/inventari-toko/vendor/laravel/framework/src/Illuminate/Container/Container.php(799): Illuminate/Container/BoundMethod::call(Object(Illuminate/Foundation/Application), Array, Array, NULL)
#30 C:/Users/MSI/Downloads/inventari-toko-cokomi-wowo-pastel/inventari-toko/vendor/laravel/framework/src/Illuminate/Database/Seeder.php(184): Illuminate/Container/Container->call(Array, Array)
#31 C:/Users/MSI/Downloads/inventari-toko-cokomi-wowo-pastel/inventari-toko/vendor/laravel/framework/src/Illuminate/Database/Seeder.php(191): Illuminate/Database/Seeder->{closure:Illuminate/Database/Seeder::__invoke():183}()
#32 C:/Users/MSI/Downloads/inventari-toko-cokomi-wowo-pastel/inventari-toko/vendor/laravel/framework/src/Illuminate/Database/Console/Seeds/SeedCommand.php(71): Illuminate/Database/Seeder->__invoke()
#33 C:/Users/MSI/Downloads/inventari-toko-cokomi-wowo-pastel/inventari-toko/vendor/laravel/framework/src/Illuminate/Database/Eloquent/Concerns/GuardsAttributes.php(181): Illuminate/Database/Console/Seeds/SeedCommand->{closure:Illuminate/Database/Console/Seeds/SeedCommand::handle():70}()
#34 C:/Users/MSI/Downloads/inventari-toko-cokomi-wowo-pastel/inventari-toko/vendor/laravel/framework/src/Illuminate/Database/Console/Seeds/SeedCommand.php(70): Illuminate/Database/Eloquent/Model::unguarded(Object(Closure))
#35 C:/Users/MSI/Downloads/inventari-toko-cokomi-wowo-pastel/inventari-toko/vendor/laravel/framework/src/Illuminate/Container/BoundMethod.php(36): Illuminate/Database/Console/Seeds/SeedCommand->handle()
#36 C:/Users/MSI/Downloads/inventari-toko-cokomi-wowo-pastel/inventari-toko/vendor/laravel/framework/src/Illuminate/Container/Util.php(43): Illuminate/Container/BoundMethod::{closure:Illuminate/Container/BoundMethod::call():35}()
#37 C:/Users/MSI/Downloads/inventari-toko-cokomi-wowo-pastel/inventari-toko/vendor/laravel/framework/src/Illuminate/Container/BoundMethod.php(96): Illuminate/Container/Util::unwrapIfClosure(Object(Closure))
#38 C:/Users/MSI/Downloads/inventari-toko-cokomi-wowo-pastel/inventari-toko/vendor/laravel/framework/src/Illuminate/Container/BoundMethod.php(35): Illuminate/Container/BoundMethod::callBoundMethod(Object(Illuminate/Foundation/Application), Array, Object(Closure))
#39 C:/Users/MSI/Downloads/inventari-toko-cokomi-wowo-pastel/inventari-toko/vendor/laravel/framework/src/Illuminate/Container/Container.php(799): Illuminate/Container/BoundMethod::call(Object(Illuminate/Foundation/Application), Array, Array, NULL)
#40 C:/Users/MSI/Downloads/inventari-toko-cokomi-wowo-pastel/inventari-toko/vendor/laravel/framework/src/Illuminate/Console/Command.php(280): Illuminate/Container/Container->call(Array)
#41 C:/Users/MSI/Downloads/inventari-toko-cokomi-wowo-pastel/inventari-toko/vendor/symfony/console/Command/Command.php(291): Illuminate/Console/Command->execute(Object(Symfony/Component/Console/Input/ArgvInput), Object(Illuminate/Console/OutputStyle))
#42 C:/Users/MSI/Downloads/inventari-toko-cokomi-wowo-pastel/inventari-toko/vendor/laravel/framework/src/Illuminate/Console/Command.php(249): Symfony/Component/Console/Command/Command->run(Object(Symfony/Component/Console/Input/ArgvInput), Object(Illuminate/Console/OutputStyle))
#43 C:/Users/MSI/Downloads/inventari-toko-cokomi-wowo-pastel/inventari-toko/vendor/symfony/console/Application.php(1107): Illuminate/Console/Command->run(Object(Symfony/Component/Console/Input/ArgvInput), Object(Symfony/Component/Console/Output/ConsoleOutput))
#44 C:/Users/MSI/Downloads/inventari-toko-cokomi-wowo-pastel/inventari-toko/vendor/symfony/console/Application.php(356): Symfony/Component/Console/Application->doRunCommand(Object(Illuminate/Database/Console/Seeds/SeedCommand), Object(Symfony/Component/Console/Input/ArgvInput), Object(Symfony/Component/Console/Output/ConsoleOutput))
#45 C:/Users/MSI/Downloads/inventari-toko-cokomi-wowo-pastel/inventari-toko/vendor/symfony/console/Application.php(195): Symfony/Component/Console/Application->doRun(Object(Symfony/Component/Console/Input/ArgvInput), Object(Symfony/Component/Console/Output/ConsoleOutput))
#46 C:/Users/MSI/Downloads/inventari-toko-cokomi-wowo-pastel/inventari-toko/vendor/laravel/framework/src/Illuminate/Foundation/Console/Kernel.php(198): Symfony/Component/Console/Application->run(Object(Symfony/Component/Console/Input/ArgvInput), Object(Symfony/Component/Console/Output/ConsoleOutput))
#47 C:/Users/MSI/Downloads/inventari-toko-cokomi-wowo-pastel/inventari-toko/vendor/laravel/framework/src/Illuminate/Foundation/Application.php(1235): Illuminate/Foundation/Console/Kernel->handle(Object(Symfony/Component/Console/Input/ArgvInput), Object(Symfony/Component/Console/Output/ConsoleOutput))
#48 C:/Users/MSI/Downloads/inventari-toko-cokomi-wowo-pastel/inventari-toko/artisan(16): Illuminate/Foundation/Application->handleCommand(Object(Symfony/Component/Console/Input/ArgvInput))
#49 {main}

[previous exception] [object] (PDOException(code: 23000): SQLSTATE[23000]: Integrity constraint violation: 19 UNIQUE constraint failed: products.sku at C:/Users/MSI/Downloads/inventari-toko-cokomi-wowo-pastel/inventari-toko/vendor/laravel/framework/src/Illuminate/Database/Connection.php:587)
[stacktrace]
#0 C:/Users/MSI/Downloads/inventari-toko-cokomi-wowo-pastel/inventari-toko/vendor/laravel/framework/src/Illuminate/Database/Connection.php(587): PDOStatement->execute()
#1 C:/Users/MSI/Downloads/inventari-toko-cokomi-wowo-pastel/inventari-toko/vendor/laravel/framework/src/Illuminate/Database/Connection.php(830): Illuminate/Database/Connection->{closure:Illuminate/Database/Connection::statement():576}('insert into \"pr...', Array)
#2 C:/Users/MSI/Downloads/inventari-toko-cokomi-wowo-pastel/inventari-toko/vendor/laravel/framework/src/Illuminate/Database/Connection.php(797): Illuminate/Database/Connection->runQueryCallback('insert into \"pr...', Array, Object(Closure))
#3 C:/Users/MSI/Downloads/inventari-toko-cokomi-wowo-pastel/inventari-toko/vendor/laravel/framework/src/Illuminate/Database/Connection.php(576): Illuminate/Database/Connection->run('insert into \"pr...', Array, Object(Closure))
#4 C:/Users/MSI/Downloads/inventari-toko-cokomi-wowo-pastel/inventari-toko/vendor/laravel/framework/src/Illuminate/Database/Connection.php(540): Illuminate/Database/Connection->statement('insert into \"pr...', Array)
#5 C:/Users/MSI/Downloads/inventari-toko-cokomi-wowo-pastel/inventari-toko/vendor/laravel/framework/src/Illuminate/Database/Query/Processors/Processor.php(32): Illuminate/Database/Connection->insert('insert into \"pr...', Array)
#6 C:/Users/MSI/Downloads/inventari-toko-cokomi-wowo-pastel/inventari-toko/vendor/laravel/framework/src/Illuminate/Database/Query/Builder.php(4246): Illuminate/Database/Query/Processors/Processor->processInsertGetId(Object(Illuminate/Database/Query/Builder), 'insert into \"pr...', Array, 'id')
#7 C:/Users/MSI/Downloads/inventari-toko-cokomi-wowo-pastel/inventari-toko/vendor/laravel/framework/src/Illuminate/Database/Eloquent/Builder.php(2270): Illuminate/Database/Query/Builder->insertGetId(Array, 'id')
#8 C:/Users/MSI/Downloads/inventari-toko-cokomi-wowo-pastel/inventari-toko/vendor/laravel/framework/src/Illuminate/Database/Eloquent/Model.php(1660): Illuminate/Database/Eloquent/Builder->__call('insertGetId', Array)
#9 C:/Users/MSI/Downloads/inventari-toko-cokomi-wowo-pastel/inventari-toko/vendor/laravel/framework/src/Illuminate/Database/Eloquent/Model.php(1576): Illuminate/Database/Eloquent/Model->insertAndSetId(Object(Illuminate/Database/Eloquent/Builder), Array)
#10 C:/Users/MSI/Downloads/inventari-toko-cokomi-wowo-pastel/inventari-toko/vendor/laravel/framework/src/Illuminate/Database/Eloquent/Model.php(1380): Illuminate/Database/Eloquent/Model->performInsert(Object(Illuminate/Database/Eloquent/Builder))
#11 C:/Users/MSI/Downloads/inventari-toko-cokomi-wowo-pastel/inventari-toko/vendor/laravel/framework/src/Illuminate/Database/Eloquent/Builder.php(1224): Illuminate/Database/Eloquent/Model->save()
#12 C:/Users/MSI/Downloads/inventari-toko-cokomi-wowo-pastel/inventari-toko/vendor/laravel/framework/src/Illuminate/Support/helpers.php(393): Illuminate/Database/Eloquent/Builder->{closure:Illuminate/Database/Eloquent/Builder::create():1223}(Object(App/Models/Product))
#13 C:/Users/MSI/Downloads/inventari-toko-cokomi-wowo-pastel/inventari-toko/vendor/laravel/framework/src/Illuminate/Database/Eloquent/Builder.php(1223): tap(Object(App/Models/Product), Object(Closure))
#14 C:/Users/MSI/Downloads/inventari-toko-cokomi-wowo-pastel/inventari-toko/vendor/laravel/framework/src/Illuminate/Support/Traits/ForwardsCalls.php(23): Illuminate/Database/Eloquent/Builder->create(Array)
#15 C:/Users/MSI/Downloads/inventari-toko-cokomi-wowo-pastel/inventari-toko/vendor/laravel/framework/src/Illuminate/Database/Eloquent/Model.php(2803): Illuminate/Database/Eloquent/Model->forwardCallTo(Object(Illuminate/Database/Eloquent/Builder), 'create', Array)
#16 C:/Users/MSI/Downloads/inventari-toko-cokomi-wowo-pastel/inventari-toko/vendor/laravel/framework/src/Illuminate/Database/Eloquent/Model.php(2819): Illuminate/Database/Eloquent/Model->__call('create', Array)
#17 C:/Users/MSI/Downloads/inventari-toko-cokomi-wowo-pastel/inventari-toko/database/seeders/ProductSeeder.php(14): Illuminate/Database/Eloquent/Model::__callStatic('create', Array)
#18 C:/Users/MSI/Downloads/inventari-toko-cokomi-wowo-pastel/inventari-toko/vendor/laravel/framework/src/Illuminate/Container/BoundMethod.php(36): Database/Seeders/ProductSeeder->run()
#19 C:/Users/MSI/Downloads/inventari-toko-cokomi-wowo-pastel/inventari-toko/vendor/laravel/framework/src/Illuminate/Container/Util.php(43): Illuminate/Container/BoundMethod::{closure:Illuminate/Container/BoundMethod::call():35}()
#20 C:/Users/MSI/Downloads/inventari-toko-cokomi-wowo-pastel/inventari-toko/vendor/laravel/framework/src/Illuminate/Container/BoundMethod.php(96): Illuminate/Container/Util::unwrapIfClosure(Object(Closure))
#21 C:/Users/MSI/Downloads/inventari-toko-cokomi-wowo-pastel/inventari-toko/vendor/laravel/framework/src/Illuminate/Container/BoundMethod.php(35): Illuminate/Container/BoundMethod::callBoundMethod(Object(Illuminate/Foundation/Application), Array, Object(Closure))
#22 C:/Users/MSI/Downloads/inventari-toko-cokomi-wowo-pastel/inventari-toko/vendor/laravel/framework/src/Illuminate/Container/Container.php(799): Illuminate/Container/BoundMethod::call(Object(Illuminate/Foundation/Application), Array, Array, NULL)
#23 C:/Users/MSI/Downloads/inventari-toko-cokomi-wowo-pastel/inventari-toko/vendor/laravel/framework/src/Illuminate/Database/Seeder.php(184): Illuminate/Container/Container->call(Array, Array)
#24 C:/Users/MSI/Downloads/inventari-toko-cokomi-wowo-pastel/inventari-toko/vendor/laravel/framework/src/Illuminate/Database/Seeder.php(191): Illuminate/Database/Seeder->{closure:Illuminate/Database/Seeder::__invoke():183}()
#25 C:/Users/MSI/Downloads/inventari-toko-cokomi-wowo-pastel/inventari-toko/vendor/laravel/framework/src/Illuminate/Database/Seeder.php(59): Illuminate/Database/Seeder->__invoke(Array)
#26 C:/Users/MSI/Downloads/inventari-toko-cokomi-wowo-pastel/inventari-toko/database/seeders/DatabaseSeeder.php(23): Illuminate/Database/Seeder->call('Database//Seeder...')
#27 C:/Users/MSI/Downloads/inventari-toko-cokomi-wowo-pastel/inventari-toko/vendor/laravel/framework/src/Illuminate/Container/BoundMethod.php(36): Database/Seeders/DatabaseSeeder->run()
#28 C:/Users/MSI/Downloads/inventari-toko-cokomi-wowo-pastel/inventari-toko/vendor/laravel/framework/src/Illuminate/Container/Util.php(43): Illuminate/Container/BoundMethod::{closure:Illuminate/Container/BoundMethod::call():35}()
#29 C:/Users/MSI/Downloads/inventari-toko-cokomi-wowo-pastel/inventari-toko/vendor/laravel/framework/src/Illuminate/Container/BoundMethod.php(96): Illuminate/Container/Util::unwrapIfClosure(Object(Closure))
#30 C:/Users/MSI/Downloads/inventari-toko-cokomi-wowo-pastel/inventari-toko/vendor/laravel/framework/src/Illuminate/Container/BoundMethod.php(35): Illuminate/Container/BoundMethod::callBoundMethod(Object(Illuminate/Foundation/Application), Array, Object(Closure))
#31 C:/Users/MSI/Downloads/inventari-toko-cokomi-wowo-pastel/inventari-toko/vendor/laravel/framework/src/Illuminate/Container/Container.php(799): Illuminate/Container/BoundMethod::call(Object(Illuminate/Foundation/Application), Array, Array, NULL)
#32 C:/Users/MSI/Downloads/inventari-toko-cokomi-wowo-pastel/inventari-toko/vendor/laravel/framework/src/Illuminate/Database/Seeder.php(184): Illuminate/Container/Container->call(Array, Array)
#33 C:/Users/MSI/Downloads/inventari-toko-cokomi-wowo-pastel/inventari-toko/vendor/laravel/framework/src/Illuminate/Database/Seeder.php(191): Illuminate/Database/Seeder->{closure:Illuminate/Database/Seeder::__invoke():183}()
#34 C:/Users/MSI/Downloads/inventari-toko-cokomi-wowo-pastel/inventari-toko/vendor/laravel/framework/src/Illuminate/Database/Console/Seeds/SeedCommand.php(71): Illuminate/Database/Seeder->__invoke()
#35 C:/Users/MSI/Downloads/inventari-toko-cokomi-wowo-pastel/inventari-toko/vendor/laravel/framework/src/Illuminate/Database/Eloquent/Concerns/GuardsAttributes.php(181): Illuminate/Database/Console/Seeds/SeedCommand->{closure:Illuminate/Database/Console/Seeds/SeedCommand::handle():70}()
#36 C:/Users/MSI/Downloads/inventari-toko-cokomi-wowo-pastel/inventari-toko/vendor/laravel/framework/src/Illuminate/Database/Console/Seeds/SeedCommand.php(70): Illuminate/Database/Eloquent/Model::unguarded(Object(Closure))
#37 C:/Users/MSI/Downloads/inventari-toko-cokomi-wowo-pastel/inventari-toko/vendor/laravel/framework/src/Illuminate/Container/BoundMethod.php(36): Illuminate/Database/Console/Seeds/SeedCommand->handle()
#38 C:/Users/MSI/Downloads/inventari-toko-cokomi-wowo-pastel/inventari-toko/vendor/laravel/framework/src/Illuminate/Container/Util.php(43): Illuminate/Container/BoundMethod::{closure:Illuminate/Container/BoundMethod::call():35}()
#39 C:/Users/MSI/Downloads/inventari-toko-cokomi-wowo-pastel/inventari-toko/vendor/laravel/framework/src/Illuminate/Container/BoundMethod.php(96): Illuminate/Container/Util::unwrapIfClosure(Object(Closure))
#40 C:/Users/MSI/Downloads/inventari-toko-cokomi-wowo-pastel/inventari-toko/vendor/laravel/framework/src/Illuminate/Container/BoundMethod.php(35): Illuminate/Container/BoundMethod::callBoundMethod(Object(Illuminate/Foundation/Application), Array, Object(Closure))
#41 C:/Users/MSI/Downloads/inventari-toko-cokomi-wowo-pastel/inventari-toko/vendor/laravel/framework/src/Illuminate/Container/Container.php(799): Illuminate/Container/BoundMethod::call(Object(Illuminate/Foundation/Application), Array, Array, NULL)
#42 C:/Users/MSI/Downloads/inventari-toko-cokomi-wowo-pastel/inventari-toko/vendor/laravel/framework/src/Illuminate/Console/Command.php(280): Illuminate/Container/Container->call(Array)
#43 C:/Users/MSI/Downloads/inventari-toko-cokomi-wowo-pastel/inventari-toko/vendor/symfony/console/Command/Command.php(291): Illuminate/Console/Command->execute(Object(Symfony/Component/Console/Input/ArgvInput), Object(Illuminate/Console/OutputStyle))
#44 C:/Users/MSI/Downloads/inventari-toko-cokomi-wowo-pastel/inventari-toko/vendor/laravel/framework/src/Illuminate/Console/Command.php(249): Symfony/Component/Console/Command/Command->run(Object(Symfony/Component/Console/Input/ArgvInput), Object(Illuminate/Console/OutputStyle))
#45 C:/Users/MSI/Downloads/inventari-toko-cokomi-wowo-pastel/inventari-toko/vendor/symfony/console/Application.php(1107): Illuminate/Console/Command->run(Object(Symfony/Component/Console/Input/ArgvInput), Object(Symfony/Component/Console/Output/ConsoleOutput))
#46 C:/Users/MSI/Downloads/inventari-toko-cokomi-wowo-pastel/inventari-toko/vendor/symfony/console/Application.php(356): Symfony/Component/Console/Application->doRunCommand(Object(Illuminate/Database/Console/Seeds/SeedCommand), Object(Symfony/Component/Console/Input/ArgvInput), Object(Symfony/Component/Console/Output/ConsoleOutput))
#47 C:/Users/MSI/Downloads/inventari-toko-cokomi-wowo-pastel/inventari-toko/vendor/symfony/console/Application.php(195): Symfony/Component/Console/Application->doRun(Object(Symfony/Component/Console/Input/ArgvInput), Object(Symfony/Component/Console/Output/ConsoleOutput))
#48 C:/Users/MSI/Downloads/inventari-toko-cokomi-wowo-pastel/inventari-toko/vendor/laravel/framework/src/Illuminate/Foundation/Console/Kernel.php(198): Symfony/Component/Console/Application->run(Object(Symfony/Component/Console/Input/ArgvInput), Object(Symfony/Component/Console/Output/ConsoleOutput))
#49 C:/Users/MSI/Downloads/inventari-toko-cokomi-wowo-pastel/inventari-toko/vendor/laravel/framework/src/Illuminate/Foundation/Application.php(1235): Illuminate/Foundation/Console/Kernel->handle(Object(Symfony/Component/Console/Input/ArgvInput), Object(Symfony/Component/Console/Output/ConsoleOutput))
#50 C:/Users/MSI/Downloads/inventari-toko-cokomi-wowo-pastel/inventari-toko/artisan(16): Illuminate/Foundation/Application->handleCommand(Object(Symfony/Component/Console/Input/ArgvInput))
#51 {main}
"} 
